-----------------------------------------------------------------------------------------------
      name:  <unnamed>
       log:  /home/pauljohn/GIT/RHS/exercises/Ex-4.4/Ex-4.4.log
  log type:  text
 opened on:  24 Feb 2016, 11:07:49

. 
end of do-file

. do "/tmp/SD09373.000000"

. use wheat.dta12

. 
end of do-file

. do "/tmp/SD09373.000000"

. 
. mixed yield c.moist##i.variety || variety:moist, mle stddev

Performing EM optimization: 

Performing gradient-based optimization: 

Iteration 0:   log likelihood = -42.123671  
Iteration 1:   log likelihood = -41.540417  
Iteration 2:   log likelihood = -41.520012  
Iteration 3:   log likelihood = -41.520012  

Computing standard errors:

Mixed-effects ML regression                     Number of obs     =         60
Group variable: variety                         Number of groups  =         10

                                                Obs per group:
                                                              min =          6
                                                              avg =        6.0
                                                              max =          6

                                                Wald chi2(19)     =   37795.42
Log likelihood = -41.520012                     Prob > chi2       =     0.0000

---------------------------------------------------------------------------------
          yield |      Coef.   Std. Err.      z    P>|z|     [95% Conf. Interval]
----------------+----------------------------------------------------------------
          moist |   .6077128   .0124644    48.76   0.000      .583283    .6321425
                |
        variety |
             2  |  -2.844581   .8429087    -3.37   0.001    -4.496652   -1.192511
             3  |  -1.871277   .7903544    -2.37   0.018    -3.420343   -.3222105
             4  |  -.3432833   .7323671    -0.47   0.639    -1.778696     1.09213
             5  |   .2294764   1.121912     0.20   0.838     -1.96943    2.428383
             6  |    3.46207    .690504     5.01   0.000     2.108707    4.815433
             7  |  -12.05622   .6729943   -17.91   0.000    -13.37527   -10.73718
             8  |   1.175528   .7302294     1.61   0.107    -.2556957    2.606751
             9  |  -1.434985   .7917805    -1.81   0.070    -2.986846    .1168767
            10  |   3.494313   1.392236     2.51   0.012     .7655807    6.223044
                |
variety#c.moist |
             2  |  -.0354326   .0260328    -1.36   0.173    -.0864559    .0155908
             3  |   .1297872   .0190785     6.80   0.000     .0923941    .1671804
             4  |   .0264085   .0210603     1.25   0.210    -.0148689     .067686
             5  |   .0284318   .0240342     1.18   0.237    -.0186744     .075538
             6  |   .0790988   .0161154     4.91   0.000     .0475132    .1106844
             7  |   .1164752   .0189384     6.15   0.000     .0793566    .1535938
             8  |   .0791545   .0188487     4.20   0.000     .0422118    .1160972
             9  |    .080266   .0190236     4.22   0.000     .0429804    .1175516
            10  |   .0027604   .0282729     0.10   0.922    -.0526535    .0581742
                |
          _cons |   34.58378   .5478187    63.13   0.000     33.51007    35.65748
---------------------------------------------------------------------------------

------------------------------------------------------------------------------
  Random-effects Parameters  |   Estimate   Std. Err.     [95% Conf. Interval]
-----------------------------+------------------------------------------------
variety: Independent         |
                   sd(moist) |   3.46e-15   2.27e-14      8.96e-21    1.34e-09
                   sd(_cons) |   1.18e-11   1.34e-07             0           .
-----------------------------+------------------------------------------------
                sd(Residual) |   .4833867   .0441285      .4041925    .5780976
------------------------------------------------------------------------------
LR test vs. linear model: chi2(2) = 0.00                  Prob > chi2 = 1.0000

Note: LR test is conservative and provided only for reference.

. estimates store m1 

. 
end of do-file

. exit, clear
